[     581ms] [LOG] [Fast Refresh] rebuilding @ http://localhost:3000/_next/static/chunks/node_modules_next_dist_115brz8._.js:2431
[    1003ms] [LOG] [Fast Refresh] done in 533ms @ http://localhost:3000/_next/static/chunks/node_modules_next_dist_115brz8._.js:2431
[    2722ms] [INFO] %cDownload the React DevTools for a better development experience: https://react.dev/link/react-devtools font-weight:bold @ http://localhost:3000/_next/static/chunks/node_modules_next_dist_115brz8._.js:2431
[    2861ms] [LOG] [HMR] connected @ http://localhost:3000/_next/static/chunks/node_modules_next_dist_115brz8._.js:2431
[    3580ms] [ERROR] A tree hydrated but some attributes of the server rendered HTML didn't match the client properties. This won't be patched up. This can happen if a SSR-ed Client Component used:

- A server/client branch `if (typeof window !== 'undefined')`.
- Variable input such as `Date.now()` or `Math.random()` which changes each time it's called.
- Date formatting in a user's locale which doesn't match the server.
- External changing data without sending a snapshot of it along with the HTML.
- Invalid HTML tag nesting.

It can also happen if the client has a browser extension installed which messes with the HTML before React loaded.

%s%s https://react.dev/link/hydration-mismatch 

  ...
    <Primitive.div dir="ltr" data-orientation="horizontal" data-slot="tabs" className="group/tabs..." ref={null}>
      <div dir="ltr" data-orientation="horizontal" data-slot="tabs" className="group/tabs..." ref={null}>
        <div>
        <TabsContent value="ndvi" className="flex-1 mt-...">
          <TabsContent data-slot="tabs-content" className="outline-no..." value="ndvi">
            <Presence present={true}>
              <Primitive.div data-state="active" data-orientation="horizontal" role="tabpanel" ...>
                <div data-state="active" data-orientation="horizontal" role="tabpanel" aria-labelledby="radix-_R_b..." ...>
                  <TooltipProvider>
                  <motion.div initial={{opacity:0}} animate={{opacity:1}} transition={{duration:0.4}} ...>
                    <div className="flex-1 min..." style={{opacity:0}} ref={function useMotionRef.useCallback}>
                      <RasterVisualization layer="ndvi" year="2024" month="July">
                        <div className="relative w..." style={{...}}>
                          <svg className="absolute i..." viewBox="0 0 240 160" preserveAspectRatio="none">
                            <rect>
                            <rect>
                            <rect>
                            <rect>
                            <rect>
                            <rect>
                            <rect>
                            <rect>
                            <rect>
                            <rect>
                            <rect>
                            <rect>
                            <rect>
                            <rect>
                            <rect>
                            <rect>
                            <rect>
                            <rect>
                            <rect>
                            <rect>
                            <rect>
                            <rect>
                            <rect
                              x={220}
                              y={0}
                              width={10}
                              height={10}
                              fill="#6F8F5B"
+                             opacity={0.6472922789804675}
-                             opacity="0.6472922789804674"
                            >
                            <rect>
                            <rect>
                            <rect>
                            <rect>
                            <rect>
                            <rect>
                            <rect>
                            <rect>
                            <rect>
                            <rect>
                            <rect>
                            <rect>
                            <rect>
                            <rect>
                            <rect>
                            <rect>
                            <rect>
                            <rect>
                            <rect>
                            <rect>
                            <rect>
                            <rect>
                            <rect>
                            <rect>
                            <rect>
                            <rect>
                            <rect>
                            <rect>
                            <rect>
                            <rect>
                            <rect>
                            <rect>
                            <rect>
                            <rect
                              x={80}
                              y={20}
                              width={10}
                              height={10}
                              fill="#6F8F5B"
+                             opacity={0.29402604696275564}
-                             opacity="0.2940260469627557"
                            >
                            <rect>
                            <rect>
                            <rect>
                            <rect>
                            <rect>
                            <rect>
                            <rect>
                            <rect>
                            <rect>
                            <rect>
                            <rect>
                            <rect>
                            <rect>
                            <rect>
                            <rect>
                            <rect>
                            <rect>
                            <rect>
                            <rect>
                            <rect>
                            <rect>
                            <rect>
                            <rect>
                            <rect>
                            <rect>
                            <rect>
                            <rect>
                            <rect>
                            <rect>
                            <rect>
                            <rect>
                            <rect>
                            <rect>
                            <rect>
                            <rect>
                            <rect>
                            <rect>
                            <rect
                              x={220}
                              y={30}
                              width={10}
                              height={10}
                              fill="#6F8F5B"
+                             opacity={0.3625845022910435}
-                             opacity="0.36258450229104344"
                            >
                            <rect>
                            <rect>
                            <rect>
                            <rect>
                            <rect>
                            <rect>
                            <rect>
                            <rect>
                            <rect>
                            <rect>
                            <rect>
                            <rect>
                            <rect>
                            <rect>
                            <rect>
                            <rect>
                            <rect>
                            <rect>
                            <rect>
                            <rect>
                            <rect>
                            <rect>
                            <rect>
                            <rect>
                            <rect>
                            <rect>
                            <rect>
                            <rect>
                            <rect
                              x={30}
                              y={50}
                              width={10}
                              height={10}
                              fill="#6F8F5B"
+                             opacity={0.26428449664404746}
-                             opacity="0.2642844966440475"
                            >
                            <rect>
                            <rect>
                            <rect>
                            <rect>
                            <rect>
                            <rect>
                            <rect>
                            <rect>
                            <rect>
                            <rect>
                            <rect>
                            <rect>
                            <rect
                              x={160}
                              y={50}
                              width={10}
                              height={10}
                              fill="#6F8F5B"
+                             opacity={0.584158553057292}
-                             opacity="0.5841585530572919"
                            >
                            <rect>
                            <rect>
                            <rect>
                            <rect>
                            <rect>
                            <rect>
                            <rect>
                            <rect>
                            <rect>
                            <rect>
                            <rect>
                            <rect>
                            <rect>
                            <rect>
                            <rect>
                            <rect>
                            <rect>
                            <rect>
                            <rect>
                            <rect>
                            <rect>
                            <rect>
                            <rect>
                            <rect>
                            <rect>
                            <rect>
                            <rect>
                            <rect>
                            <rect>
                            <rect>
                            <rect>
                            <rect>
                            <rect>
                            <rect>
                            <rect>
                            <rect>
                            <rect>
                            <rect>
                            <rect>
                            <rect>
                            <rect>
                            <rect>
                            <rect>
                            <rect>
                            <rect>
                            <rect>
                            <rect>
                            <rect>
                            <rect>
                            <rect>
                            <rect>
                            <rect>
                            <rect>
                            <rect
                              x={220}
                              y={70}
                              width={10}
                              height={10}
                              fill="#6F8F5B"
+                             opacity={0.17378489724025808}
-                             opacity="0.17378489724025806"
                            >
                            <rect>
                            <rect>
                            <rect>
                            <rect>
                            <rect>
                            <rect>
                            <rect>
                            <rect>
                            <rect>
                            <rect>
                            <rect>
                            <rect>
                            <rect>
                            <rect>
                            <rect>
                            <rect>
                            <rect>
                            <rect>
                            <rect>
                            <rect>
                            <rect>
                            <rect>
                            <rect>
                            <rect
                              x={220}
                              y={80}
                              width={10}
                              height={10}
                              fill="#6F8F5B"
+                             opacity={0.350522975733121}
-                             opacity="0.35052297573312097"
                            >
                            <rect>
                            <rect>
                            <rect>
                            <rect>
                            <rect>
                            <rect>
                            <rect>
                            <rect>
                            <rect>
                            <rect>
                            <rect>
                            <rect>
                            <rect>
                            <rect>
                            <rect>
                            <rect>
                            <rect>
                            <rect>
                            <rect>
                            <rect>
                            <rect>
                            <rect>
                            <rect>
                            <rect>
                            <rect>
                            <rect>
                            <rect>
                            <rect>
                            <rect>
                            <rect>
                            <rect>
                            <rect>
                            <rect>
                            <rect>
                            <rect>
                            <rect>
                            <rect>
                            <rect>
                            <rect>
                            <rect>
                            <rect>
                            <rect>
                            <rect>
                            <rect>
                            <rect>
                            <rect>
                            <rect>
                            <rect>
                            <rect>
                            <rect>
                            <rect>
                            <rect>
                            <rect>
                            <rect>
                            <rect>
                            <rect>
                            <rect>
                            <rect>
                            <rect>
                            <rect>
                            <rect>
                            <rect>
                            <rect>
                            <rect>
                            <rect>
                            <rect>
                            <rect>
                            <rect>
                            <rect>
                            <rect>
                            <rect>
                            <rect>
                            <rect>
                            <rect>
                            <rect>
                            <rect>
                            <rect>
                            <rect>
                            <rect>
                            <rect>
                            <rect>
                            <rect>
                            <rect>
                            <rect>
                            <rect>
                            <rect>
                            <rect>
                            <rect>
                            <rect>
                            <rect>
                            <rect>
                            <rect>
                            <rect>
                            <rect>
                            <rect>
                            <rect>
                            <rect>
                            <rect>
                            <rect>
                            <rect>
                            <rect>
                            <rect>
                            <rect>
                            <rect>
                            <rect>
                            <rect>
                            <rect>
                            <rect
                              x={100}
                              y={130}
                              width={10}
                              height={10}
                              fill="#6F8F5B"
+                             opacity={0.5174612330997748}
-                             opacity="0.5174612330997747"
                            >
                            ...
                          ...
                  ...
        ...
 @ http://localhost:3000/_next/static/chunks/node_modules_next_dist_115brz8._.js:3272
[    3788ms] [WARNING] Please ensure that the container has a non-static position, like 'relative', 'fixed', or 'absolute' to ensure scroll offset is calculated correctly. @ http://localhost:3000/_next/static/chunks/node_modules_next_dist_115brz8._.js:2431
[    5981ms] [LOG] [Fast Refresh] rebuilding @ http://localhost:3000/_next/static/chunks/node_modules_next_dist_115brz8._.js:2431
[    6035ms] [LOG] [Fast Refresh] done in 154ms @ http://localhost:3000/_next/static/chunks/node_modules_next_dist_115brz8._.js:2431
[  257928ms] [LOG] [Fast Refresh] rebuilding @ http://localhost:3000/_next/static/chunks/node_modules_next_dist_115brz8._.js:2431
[  258705ms] [LOG] [Fast Refresh] done in 755ms @ http://localhost:3000/_next/static/chunks/node_modules_next_dist_115brz8._.js:2431
[  266763ms] [LOG] [Fast Refresh] rebuilding @ http://localhost:3000/_next/static/chunks/node_modules_next_dist_115brz8._.js:2431
[  267410ms] [LOG] [Fast Refresh] done in 727ms @ http://localhost:3000/_next/static/chunks/node_modules_next_dist_115brz8._.js:2431
[  272349ms] [LOG] [Fast Refresh] rebuilding @ http://localhost:3000/_next/static/chunks/node_modules_next_dist_115brz8._.js:2431
[  272417ms] [LOG] [Fast Refresh] done in 138ms @ http://localhost:3000/_next/static/chunks/node_modules_next_dist_115brz8._.js:2431
[  292746ms] [LOG] [Fast Refresh] rebuilding @ http://localhost:3000/_next/static/chunks/node_modules_next_dist_115brz8._.js:2431
[  292909ms] [LOG] [Fast Refresh] done in 244ms @ http://localhost:3000/_next/static/chunks/node_modules_next_dist_115brz8._.js:2431
[  293049ms] [LOG] [Fast Refresh] rebuilding @ http://localhost:3000/_next/static/chunks/node_modules_next_dist_115brz8._.js:2431
[  293242ms] [LOG] [Fast Refresh] done in 294ms @ http://localhost:3000/_next/static/chunks/node_modules_next_dist_115brz8._.js:2431
[  300413ms] [LOG] [Fast Refresh] rebuilding @ http://localhost:3000/_next/static/chunks/node_modules_next_dist_115brz8._.js:2431
[  300494ms] [LOG] [Fast Refresh] done in 130ms @ http://localhost:3000/_next/static/chunks/node_modules_next_dist_115brz8._.js:2431
[  310318ms] [LOG] [Fast Refresh] rebuilding @ http://localhost:3000/_next/static/chunks/node_modules_next_dist_115brz8._.js:2431
[  310408ms] [LOG] [Fast Refresh] done in 142ms @ http://localhost:3000/_next/static/chunks/node_modules_next_dist_115brz8._.js:2431
[  314195ms] [LOG] [Fast Refresh] rebuilding @ http://localhost:3000/_next/static/chunks/node_modules_next_dist_115brz8._.js:2431
[  314251ms] [LOG] [Fast Refresh] done in 123ms @ http://localhost:3000/_next/static/chunks/node_modules_next_dist_115brz8._.js:2431
[  319569ms] [LOG] [Fast Refresh] rebuilding @ http://localhost:3000/_next/static/chunks/node_modules_next_dist_115brz8._.js:2431
[  319627ms] [LOG] [Fast Refresh] done in 129ms @ http://localhost:3000/_next/static/chunks/node_modules_next_dist_115brz8._.js:2431
[  323391ms] [LOG] [Fast Refresh] rebuilding @ http://localhost:3000/_next/static/chunks/node_modules_next_dist_115brz8._.js:2431
[  323435ms] [LOG] [Fast Refresh] done in 100ms @ http://localhost:3000/_next/static/chunks/node_modules_next_dist_115brz8._.js:2431
[  326390ms] [LOG] [Fast Refresh] rebuilding @ http://localhost:3000/_next/static/chunks/node_modules_next_dist_115brz8._.js:2431
[  326480ms] [LOG] [Fast Refresh] done in 145ms @ http://localhost:3000/_next/static/chunks/node_modules_next_dist_115brz8._.js:2431
[  334367ms] [LOG] [Fast Refresh] rebuilding @ http://localhost:3000/_next/static/chunks/node_modules_next_dist_115brz8._.js:2431
[  334424ms] [LOG] [Fast Refresh] done in 113ms @ http://localhost:3000/_next/static/chunks/node_modules_next_dist_115brz8._.js:2431
[  386284ms] [LOG] [Fast Refresh] rebuilding @ http://localhost:3000/_next/static/chunks/node_modules_next_dist_115brz8._.js:2431
[  387193ms] [LOG] [Fast Refresh] done in 628ms @ http://localhost:3000/_next/static/chunks/node_modules_next_dist_115brz8._.js:2431
[  403589ms] [LOG] [Fast Refresh] rebuilding @ http://localhost:3000/_next/static/chunks/node_modules_next_dist_115brz8._.js:2431
[  403726ms] [LOG] [Fast Refresh] done in 184ms @ http://localhost:3000/_next/static/chunks/node_modules_next_dist_115brz8._.js:2431
