[     903ms] [INFO] %cDownload the React DevTools for a better development experience: https://react.dev/link/react-devtools font-weight:bold @ http://localhost:3000/_next/static/chunks/node_modules_next_dist_115brz8._.js:2431
[    1042ms] [LOG] [HMR] connected @ http://localhost:3000/_next/static/chunks/node_modules_next_dist_115brz8._.js:2431
[    2377ms] [ERROR] A tree hydrated but some attributes of the server rendered HTML didn't match the client properties. This won't be patched up. This can happen if a SSR-ed Client Component used:

- A server/client branch `if (typeof window !== 'undefined')`.
- Variable input such as `Date.now()` or `Math.random()` which changes each time it's called.
- Date formatting in a user's locale which doesn't match the server.
- External changing data without sending a snapshot of it along with the HTML.
- Invalid HTML tag nesting.

It can also happen if the client has a browser extension installed which messes with the HTML before React loaded.

%s%s https://react.dev/link/hydration-mismatch 

  ...
    <Primitive.div dir="ltr" data-orientation="horizontal" data-slot="tabs" className="group/tabs..." ref={null}>
      <div dir="ltr" data-orientation="horizontal" data-slot="tabs" className="group/tabs..." ref={null}>
        <div>
        <TabsContent value="ndvi" className="flex-1 mt-...">
          <TabsContent data-slot="tabs-content" className="outline-no..." value="ndvi">
            <Presence present={true}>
              <Primitive.div data-state="active" data-orientation="horizontal" role="tabpanel" ...>
                <div data-state="active" data-orientation="horizontal" role="tabpanel" aria-labelledby="radix-_R_b..." ...>
                  <TooltipProvider>
                  <motion.div initial={{opacity:0}} animate={{opacity:1}} transition={{duration:0.4}} ...>
                    <div className="flex-1 min..." style={{opacity:0}} ref={function useMotionRef.useCallback}>
                      <RasterVisualization layer="ndvi" year="2024" month="July">
                        <div className="relative w..." style={{...}}>
                          <svg className="absolute i..." viewBox="0 0 240 160" preserveAspectRatio="none">
                            <rect>
                            <rect>
                            <rect>
                            <rect>
                            <rect>
                            <rect>
                            <rect>
                            <rect>
                            <rect>
                            <rect>
                            <rect>
                            <rect>
                            <rect>
                            <rect>
                            <rect>
                            <rect>
                            <rect>
                            <rect>
                            <rect>
                            <rect>
                            <rect>
                            <rect>
                            <rect
                              x={220}
                              y={0}
                              width={10}
                              height={10}
                              fill="#6F8F5B"
+                             opacity={0.6472922789804675}
-                             opacity="0.6472922789804674"
                            >
                            <rect>
                            <rect>
                            <rect>
                            <rect>
                            <rect>
                            <rect>
                            <rect>
                            <rect>
                            <rect>
                            <rect>
                            <rect>
                            <rect>
                            <rect>
                            <rect>
                            <rect>
                            <rect>
                            <rect>
                            <rect>
                            <rect>
                            <rect>
                            <rect>
                            <rect>
                            <rect>
                            <rect>
                            <rect>
                            <rect>
                            <rect>
                            <rect>
                            <rect>
                            <rect>
                            <rect>
                            <rect>
                            <rect>
                            <rect
                              x={80}
                              y={20}
                              width={10}
                              height={10}
                              fill="#6F8F5B"
+                             opacity={0.29402604696275564}
-                             opacity="0.2940260469627557"
                            >
                            <rect>
                            <rect>
                            <rect>
                            <rect>
                            <rect>
                            <rect>
                            <rect>
                            <rect>
                            <rect>
                            <rect>
                            <rect>
                            <rect>
                            <rect>
                            <rect>
                            <rect>
                            <rect>
                            <rect>
                            <rect>
                            <rect>
                            <rect>
                            <rect>
                            <rect>
                            <rect>
                            <rect>
                            <rect>
                            <rect>
                            <rect>
                            <rect>
                            <rect>
                            <rect>
                            <rect>
                            <rect>
                            <rect>
                            <rect>
                            <rect>
                            <rect>
                            <rect>
                            <rect
                              x={220}
                              y={30}
                              width={10}
                              height={10}
                              fill="#6F8F5B"
+                             opacity={0.3625845022910435}
-                             opacity="0.36258450229104344"
                            >
                            <rect>
                            <rect>
                            <rect>
                            <rect>
                            <rect>
                            <rect>
                            <rect>
                            <rect>
                            <rect>
                            <rect>
                            <rect>
                            <rect>
                            <rect>
                            <rect>
                            <rect>
                            <rect>
                            <rect>
                            <rect>
                            <rect>
                            <rect>
                            <rect>
                            <rect>
                            <rect>
                            <rect>
                            <rect>
                            <rect>
                            <rect>
                            <rect>
                            <rect
                              x={30}
                              y={50}
                              width={10}
                              height={10}
                              fill="#6F8F5B"
+                             opacity={0.26428449664404746}
-                             opacity="0.2642844966440475"
                            >
                            <rect>
                            <rect>
                            <rect>
                            <rect>
                            <rect>
                            <rect>
                            <rect>
                            <rect>
                            <rect>
                            <rect>
                            <rect>
                            <rect>
                            <rect
                              x={160}
                              y={50}
                              width={10}
                              height={10}
                              fill="#6F8F5B"
+                             opacity={0.584158553057292}
-                             opacity="0.5841585530572919"
                            >
                            <rect>
                            <rect>
                            <rect>
                            <rect>
                            <rect>
                            <rect>
                            <rect>
                            <rect>
                            <rect>
                            <rect>
                            <rect>
                            <rect>
                            <rect>
                            <rect>
                            <rect>
                            <rect>
                            <rect>
                            <rect>
                            <rect>
                            <rect>
                            <rect>
                            <rect>
                            <rect>
                            <rect>
                            <rect>
                            <rect>
                            <rect>
                            <rect>
                            <rect>
                            <rect>
                            <rect>
                            <rect>
                            <rect>
                            <rect>
                            <rect>
                            <rect>
                            <rect>
                            <rect>
                            <rect>
                            <rect>
                            <rect>
                            <rect>
                            <rect>
                            <rect>
                            <rect>
                            <rect>
                            <rect>
                            <rect>
                            <rect>
                            <rect>
                            <rect>
                            <rect>
                            <rect>
                            <rect
                              x={220}
                              y={70}
                              width={10}
                              height={10}
                              fill="#6F8F5B"
+                             opacity={0.17378489724025808}
-                             opacity="0.17378489724025806"
                            >
                            <rect>
                            <rect>
                            <rect>
                            <rect>
                            <rect>
                            <rect>
                            <rect>
                            <rect>
                            <rect>
                            <rect>
                            <rect>
                            <rect>
                            <rect>
                            <rect>
                            <rect>
                            <rect>
                            <rect>
                            <rect>
                            <rect>
                            <rect>
                            <rect>
                            <rect>
                            <rect>
                            <rect
                              x={220}
                              y={80}
                              width={10}
                              height={10}
                              fill="#6F8F5B"
+                             opacity={0.350522975733121}
-                             opacity="0.35052297573312097"
                            >
                            <rect>
                            <rect>
                            <rect>
                            <rect>
                            <rect>
                            <rect>
                            <rect>
                            <rect>
                            <rect>
                            <rect>
                            <rect>
                            <rect>
                            <rect>
                            <rect>
                            <rect>
                            <rect>
                            <rect>
                            <rect>
                            <rect>
                            <rect>
                            <rect>
                            <rect>
                            <rect>
                            <rect>
                            <rect>
                            <rect>
                            <rect>
                            <rect>
                            <rect>
                            <rect>
                            <rect>
                            <rect>
                            <rect>
                            <rect>
                            <rect>
                            <rect>
                            <rect>
                            <rect>
                            <rect>
                            <rect>
                            <rect>
                            <rect>
                            <rect>
                            <rect>
                            <rect>
                            <rect>
                            <rect>
                            <rect>
                            <rect>
                            <rect>
                            <rect>
                            <rect>
                            <rect>
                            <rect>
                            <rect>
                            <rect>
                            <rect>
                            <rect>
                            <rect>
                            <rect>
                            <rect>
                            <rect>
                            <rect>
                            <rect>
                            <rect>
                            <rect>
                            <rect>
                            <rect>
                            <rect>
                            <rect>
                            <rect>
                            <rect>
                            <rect>
                            <rect>
                            <rect>
                            <rect>
                            <rect>
                            <rect>
                            <rect>
                            <rect>
                            <rect>
                            <rect>
                            <rect>
                            <rect>
                            <rect>
                            <rect>
                            <rect>
                            <rect>
                            <rect>
                            <rect>
                            <rect>
                            <rect>
                            <rect>
                            <rect>
                            <rect>
                            <rect>
                            <rect>
                            <rect>
                            <rect>
                            <rect>
                            <rect>
                            <rect>
                            <rect>
                            <rect>
                            <rect>
                            <rect>
                            <rect>
                            <rect
                              x={100}
                              y={130}
                              width={10}
                              height={10}
                              fill="#6F8F5B"
+                             opacity={0.5174612330997748}
-                             opacity="0.5174612330997747"
                            >
                            ...
                          ...
                  ...
        ...
 @ http://localhost:3000/_next/static/chunks/node_modules_next_dist_115brz8._.js:3272
[    3094ms] [LOG] [Fast Refresh] rebuilding @ http://localhost:3000/_next/static/chunks/node_modules_next_dist_115brz8._.js:2431
[    3315ms] [LOG] [Fast Refresh] done in 321ms @ http://localhost:3000/_next/static/chunks/node_modules_next_dist_115brz8._.js:2431
[    4329ms] [WARNING] Please ensure that the container has a non-static position, like 'relative', 'fixed', or 'absolute' to ensure scroll offset is calculated correctly. @ http://localhost:3000/_next/static/chunks/node_modules_next_dist_115brz8._.js:2431
[    4508ms] [LOG] [Fast Refresh] rebuilding @ http://localhost:3000/_next/static/chunks/node_modules_next_dist_115brz8._.js:2431
[    4769ms] [LOG] [Fast Refresh] done in 361ms @ http://localhost:3000/_next/static/chunks/node_modules_next_dist_115brz8._.js:2431
[   38045ms] [LOG] [Fast Refresh] rebuilding @ http://localhost:3000/_next/static/chunks/node_modules_next_dist_115brz8._.js:2431
[   38262ms] [LOG] [Fast Refresh] done in 318ms @ http://localhost:3000/_next/static/chunks/node_modules_next_dist_115brz8._.js:2431
[   63064ms] [LOG] [Fast Refresh] rebuilding @ http://localhost:3000/_next/static/chunks/node_modules_next_dist_115brz8._.js:2431
[   63293ms] [LOG] [Fast Refresh] done in 330ms @ http://localhost:3000/_next/static/chunks/node_modules_next_dist_115brz8._.js:2431
