[     964ms] [LOG] [Fast Refresh] rebuilding @ http://localhost:3000/_next/static/chunks/node_modules_next_dist_115brz8._.js:2431
[    1860ms] [LOG] [Fast Refresh] done in 996ms @ http://localhost:3000/_next/static/chunks/node_modules_next_dist_115brz8._.js:2431
[    5797ms] [INFO] %cDownload the React DevTools for a better development experience: https://react.dev/link/react-devtools font-weight:bold @ http://localhost:3000/_next/static/chunks/node_modules_next_dist_115brz8._.js:2431
[    5893ms] [LOG] [HMR] connected @ http://localhost:3000/_next/static/chunks/node_modules_next_dist_115brz8._.js:2431
[    7107ms] [ERROR] A tree hydrated but some attributes of the server rendered HTML didn't match the client properties. This won't be patched up. This can happen if a SSR-ed Client Component used:

- A server/client branch `if (typeof window !== 'undefined')`.
- Variable input such as `Date.now()` or `Math.random()` which changes each time it's called.
- Date formatting in a user's locale which doesn't match the server.
- External changing data without sending a snapshot of it along with the HTML.
- Invalid HTML tag nesting.

It can also happen if the client has a browser extension installed which messes with the HTML before React loaded.

%s%s https://react.dev/link/hydration-mismatch 

  ...
    <Primitive.div dir="ltr" data-orientation="horizontal" data-slot="tabs" className="group/tabs..." ref={null}>
      <div dir="ltr" data-orientation="horizontal" data-slot="tabs" className="group/tabs..." ref={null}>
        <div>
        <TabsContent value="ndvi" className="flex-1 mt-...">
          <TabsContent data-slot="tabs-content" className="outline-no..." value="ndvi">
            <Presence present={true}>
              <Primitive.div data-state="active" data-orientation="horizontal" role="tabpanel" ...>
                <div data-state="active" data-orientation="horizontal" role="tabpanel" aria-labelledby="radix-_R_b..." ...>
                  <TooltipProvider>
                  <motion.div initial={{opacity:0}} animate={{opacity:1}} transition={{duration:0.4}} ...>
                    <div className="flex-1 min..." style={{opacity:0}} ref={function useMotionRef.useCallback}>
                      <RasterVisualization layer="ndvi" year="2023">
                        <div className="relative w..." style={{...}}>
                          <svg className="absolute i..." viewBox="0 0 240 160" preserveAspectRatio="none">
                            <rect>
                            <rect>
                            <rect>
                            <rect>
                            <rect>
                            <rect>
                            <rect>
                            <rect>
                            <rect>
                            <rect>
                            <rect>
                            <rect>
                            <rect>
                            <rect>
                            <rect>
                            <rect>
                            <rect>
                            <rect>
                            <rect>
                            <rect>
                            <rect>
                            <rect>
                            <rect>
                            <rect>
                            <rect>
                            <rect>
                            <rect>
                            <rect>
                            <rect>
                            <rect>
                            <rect>
                            <rect>
                            <rect>
                            <rect>
                            <rect>
                            <rect>
                            <rect>
                            <rect>
                            <rect>
                            <rect>
                            <rect>
                            <rect>
                            <rect>
                            <rect>
                            <rect>
                            <rect>
                            <rect>
                            <rect>
                            <rect>
                            <rect>
                            <rect>
                            <rect>
                            <rect>
                            <rect>
                            <rect>
                            <rect>
                            <rect>
                            <rect>
                            <rect
                              x={100}
                              y={20}
                              width={10}
                              height={10}
                              fill="#3F6F42"
+                             opacity={0.2852241197817128}
-                             opacity="0.2852241197817129"
                            >
                            <rect>
                            <rect>
                            <rect>
                            <rect>
                            <rect>
                            <rect>
                            <rect>
                            <rect>
                            <rect>
                            <rect>
                            <rect>
                            <rect>
                            <rect>
                            <rect>
                            <rect>
                            <rect>
                            <rect>
                            <rect>
                            <rect>
                            <rect>
                            <rect>
                            <rect>
                            <rect>
                            <rect>
                            <rect>
                            <rect>
                            <rect>
                            <rect>
                            <rect>
                            <rect>
                            <rect>
                            <rect>
                            <rect>
                            <rect>
                            <rect>
                            <rect
                              x={220}
                              y={30}
                              width={10}
                              height={10}
                              fill="#3F6F42"
+                             opacity={0.42540917666685507}
-                             opacity="0.425409176666855"
                            >
                            <rect>
                            <rect>
                            <rect>
                            <rect>
                            <rect>
                            <rect>
                            <rect>
                            <rect>
                            <rect>
                            <rect>
                            <rect>
                            <rect>
                            <rect>
                            <rect>
                            <rect>
                            <rect>
                            <rect>
                            <rect>
                            <rect>
                            <rect>
                            <rect>
                            <rect>
                            <rect>
                            <rect>
                            <rect>
                            <rect>
                            <rect>
                            <rect>
                            <rect>
                            <rect>
                            <rect
                              x={50}
                              y={50}
                              width={10}
                              height={10}
                              fill="#3F6F42"
+                             opacity={0.2912752765068014}
-                             opacity="0.29127527650680146"
                            >
                            <rect>
                            <rect>
                            <rect>
                            <rect>
                            <rect>
                            <rect>
                            <rect>
                            <rect>
                            <rect>
                            <rect>
                            <rect>
                            <rect>
                            <rect
                              x={180}
                              y={50}
                              width={10}
                              height={10}
                              fill="#3F6F42"
+                             opacity={0.5467042888202329}
-                             opacity="0.5467042888202328"
                            >
                            <rect>
                            <rect>
                            <rect>
                            <rect>
                            <rect>
                            <rect>
                            <rect>
                            <rect>
                            <rect>
                            <rect>
                            <rect>
                            <rect>
                            <rect>
                            <rect>
                            <rect>
                            <rect>
                            <rect>
                            <rect>
                            <rect>
                            <rect>
                            <rect>
                            <rect>
                            <rect>
                            <rect>
                            <rect>
                            <rect>
                            <rect>
                            <rect>
                            <rect>
                            <rect>
                            <rect>
                            <rect>
                            <rect>
                            <rect>
                            <rect>
                            <rect>
                            <rect>
                            <rect>
                            <rect>
                            <rect>
                            <rect>
                            <rect>
                            <rect>
                            <rect>
                            <rect>
                            <rect>
                            <rect>
                            <rect>
                            <rect>
                            <rect>
                            <rect>
                            <rect
                              x={220}
                              y={70}
                              width={10}
                              height={10}
                              fill="#3F6F42"
+                             opacity={0.10908975136398347}
-                             opacity="0.10908975136398345"
                            >
                            <rect>
                            <rect>
                            <rect>
                            <rect>
                            <rect>
                            <rect>
                            <rect>
                            <rect>
                            <rect>
                            <rect>
                            <rect>
                            <rect>
                            <rect>
                            <rect>
                            <rect>
                            <rect>
                            <rect>
                            <rect>
                            <rect>
                            <rect>
                            <rect>
                            <rect>
                            <rect>
                            <rect
                              x={220}
                              y={80}
                              width={10}
                              height={10}
                              fill="#3F6F42"
+                             opacity={0.39481961858687914}
-                             opacity="0.39481961858687903"
                            >
                            <rect>
                            <rect>
                            <rect>
                            <rect>
                            <rect>
                            <rect>
                            <rect>
                            <rect>
                            <rect>
                            <rect>
                            <rect>
                            <rect>
                            <rect>
                            <rect>
                            <rect>
                            <rect>
                            <rect>
                            <rect>
                            <rect>
                            <rect>
                            <rect>
                            <rect>
                            <rect>
                            <rect>
                            <rect>
                            <rect>
                            <rect>
                            <rect>
                            <rect>
                            <rect>
                            <rect>
                            <rect>
                            <rect>
                            <rect>
                            <rect>
                            <rect>
                            <rect>
                            <rect>
                            <rect>
                            <rect>
                            <rect>
                            <rect>
                            <rect>
                            <rect>
                            <rect>
                            <rect>
                            <rect>
                            <rect>
                            <rect>
                            <rect>
                            <rect>
                            <rect>
                            <rect>
                            <rect>
                            <rect>
                            <rect>
                            <rect>
                            <rect>
                            <rect>
                            <rect>
                            <rect>
                            <rect>
                            <rect>
                            <rect>
                            <rect>
                            <rect>
                            <rect>
                            <rect>
                            <rect>
                            <rect>
                            <rect>
                            <rect
                              x={220}
                              y={110}
                              width={10}
                              height={10}
                              fill="#3F6F42"
+                             opacity={0.10470258280195309}
-                             opacity="0.10470258280195308"
                            >
                            <rect>
                            <rect>
                            <rect>
                            <rect>
                            <rect>
                            <rect>
                            <rect>
                            <rect>
                            <rect>
                            <rect>
                            <rect>
                            <rect>
                            <rect>
                            <rect>
                            <rect>
                            <rect>
                            <rect>
                            <rect>
                            <rect>
                            <rect>
                            <rect>
                            <rect>
                            <rect>
                            <rect>
                            <rect>
                            <rect>
                            <rect>
                            <rect>
                            <rect>
                            <rect>
                            <rect>
                            <rect>
                            <rect>
                            <rect>
                            <rect>
                            <rect>
                            <rect>
                            <rect
                              x={120}
                              y={130}
                              width={10}
                              height={10}
                              fill="#3F6F42"
+                             opacity={0.494662394088008}
-                             opacity="0.49466239408800794"
                            >
                            <rect>
                            <rect>
                            <rect>
                            <rect>
                            <rect>
                            <rect>
                            <rect>
                            <rect>
                            <rect>
                            <rect>
                            <rect>
                            <rect>
                            <rect>
                            <rect>
                            <rect>
                            <rect>
                            <rect>
                            <rect>
                            <rect>
                            <rect>
                            <rect>
                            <rect>
                            <rect>
                            <rect>
                            <rect>
                            <rect>
                            <rect>
                            <rect>
                            <rect>
                            <rect>
                            <rect>
                            <rect>
                            <rect>
                            <rect>
                            <rect>
                            <rect>
                            <rect>
                            <rect>
                            <rect>
                            <rect>
                            <rect>
                            <rect>
                            <rect>
                            <rect>
                            <rect>
                            <rect>
                            <rect>
                            <rect>
                            <rect>
                            <rect>
                            <rect>
                            <rect>
                            <rect>
                            <rect>
                            <rect>
                            <rect>
                            <rect>
                            <rect
                              x={220}
                              y={150}
                              width={10}
                              height={10}
                              fill="#3F6F42"
+                             opacity={0.2606283056554454}
-                             opacity="0.26062830565544537"
                            >
                            ...
                          ...
                  ...
        ...
 @ http://localhost:3000/_next/static/chunks/node_modules_next_dist_115brz8._.js:3272
[    7455ms] [WARNING] Please ensure that the container has a non-static position, like 'relative', 'fixed', or 'absolute' to ensure scroll offset is calculated correctly. @ http://localhost:3000/_next/static/chunks/node_modules_next_dist_115brz8._.js:2431
[    7759ms] [LOG] [Fast Refresh] rebuilding @ http://localhost:3000/_next/static/chunks/node_modules_next_dist_115brz8._.js:2431
[    8024ms] [LOG] [Fast Refresh] done in 393ms @ http://localhost:3000/_next/static/chunks/node_modules_next_dist_115brz8._.js:2431
[   43417ms] [LOG] [Fast Refresh] rebuilding @ http://localhost:3000/_next/static/chunks/node_modules_next_dist_115brz8._.js:2431
[   43506ms] [LOG] [Fast Refresh] done in 191ms @ http://localhost:3000/_next/static/chunks/node_modules_next_dist_115brz8._.js:2431
[  166068ms] [LOG] [Fast Refresh] rebuilding @ http://localhost:3000/_next/static/chunks/node_modules_next_dist_115brz8._.js:2431
[  166404ms] [LOG] [Fast Refresh] done in 414ms @ http://localhost:3000/_next/static/chunks/node_modules_next_dist_115brz8._.js:2431
[  170331ms] [LOG] [Fast Refresh] rebuilding @ http://localhost:3000/_next/static/chunks/node_modules_next_dist_115brz8._.js:2431
[  170377ms] [LOG] [Fast Refresh] done in 157ms @ http://localhost:3000/_next/static/chunks/node_modules_next_dist_115brz8._.js:2431
[  834370ms] [LOG] [Fast Refresh] rebuilding @ http://localhost:3000/_next/static/chunks/node_modules_next_dist_115brz8._.js:2431
[  836035ms] [LOG] [Fast Refresh] done in 1810ms @ http://localhost:3000/_next/static/chunks/node_modules_next_dist_115brz8._.js:2431
[  868073ms] [LOG] [Fast Refresh] rebuilding @ http://localhost:3000/_next/static/chunks/node_modules_next_dist_115brz8._.js:2431
[  870522ms] ReferenceError: RasterVisualization is not defined
    at eval (http://localhost:3000/_next/static/chunks/_0~9y9ju._.js?id=%255Bproject%255D%252Fcomponents%252Fobservatory.tsx+%255Bapp-client%255D+%2528ecmascript%2529:800:262)
    at Array.map (<anonymous>)
    at Observatory (http://localhost:3000/_next/static/chunks/_0~9y9ju._.js?id=%255Bproject%255D%252Fcomponents%252Fobservatory.tsx+%255Bapp-client%255D+%2528ecmascript%2529:720:40)
    at Object.react_stack_bottom_frame (http://localhost:3000/_next/static/chunks/node_modules_next_dist_compiled_react-dom_058-ah~._.js:15037:24)
    at renderWithHooks (http://localhost:3000/_next/static/chunks/node_modules_next_dist_compiled_react-dom_058-ah~._.js:4620:24)
    at updateFunctionComponent (http://localhost:3000/_next/static/chunks/node_modules_next_dist_compiled_react-dom_058-ah~._.js:6081:21)
    at beginWork (http://localhost:3000/_next/static/chunks/node_modules_next_dist_compiled_react-dom_058-ah~._.js:6691:24)
    at runWithFiberInDEV (http://localhost:3000/_next/static/chunks/node_modules_next_dist_compiled_react-dom_058-ah~._.js:965:74)
    at performUnitOfWork (http://localhost:3000/_next/static/chunks/node_modules_next_dist_compiled_react-dom_058-ah~._.js:9555:97)
    at workLoopSync (http://localhost:3000/_next/static/chunks/node_modules_next_dist_compiled_react-dom_058-ah~._.js:9449:40)
    at renderRootSync (http://localhost:3000/_next/static/chunks/node_modules_next_dist_compiled_react-dom_058-ah~._.js:9433:13)
    at performWorkOnRoot (http://localhost:3000/_next/static/chunks/node_modules_next_dist_compiled_react-dom_058-ah~._.js:9098:47)
    at performSyncWorkOnRoot (http://localhost:3000/_next/static/chunks/node_modules_next_dist_compiled_react-dom_058-ah~._.js:10263:9)
    at flushSyncWorkAcrossRoots_impl (http://localhost:3000/_next/static/chunks/node_modules_next_dist_compiled_react-dom_058-ah~._.js:10179:316)
    at flushSyncWork$1 (http://localhost:3000/_next/static/chunks/node_modules_next_dist_compiled_react-dom_058-ah~._.js:9230:86)
    at Object.scheduleRefresh (http://localhost:3000/_next/static/chunks/node_modules_next_dist_compiled_react-dom_058-ah~._.js:299:13)
    at http://localhost:3000/_next/static/chunks/node_modules_next_dist_compiled_0rpq4pf._.js:391:33
    at Set.forEach (<anonymous>)
    at Object.performReactRefresh (http://localhost:3000/_next/static/chunks/node_modules_next_dist_compiled_0rpq4pf._.js:384:38)
    at applyUpdate (http://localhost:3000/_next/static/chunks/node_modules_next_dist_compiled_0rpq4pf._.js:878:31)
    at http://localhost:3000/_next/static/chunks/node_modules_next_dist_compiled_0rpq4pf._.js:886:13
[  870494ms] [LOG] [Fast Refresh] done in 1951ms @ http://localhost:3000/_next/static/chunks/node_modules_next_dist_115brz8._.js:2431
[  871655ms] [LOG] [Fast Refresh] rebuilding @ http://localhost:3000/_next/static/chunks/node_modules_next_dist_115brz8._.js:2431
[  872121ms] [WARNING] [Fast Refresh] performing full reload because your application had an unrecoverable error @ http://localhost:3000/_next/static/chunks/node_modules_next_dist_115brz8._.js:2431
[  876737ms] [LOG] [Fast Refresh] done in 539ms @ http://localhost:3000/_next/static/chunks/node_modules_next_dist_115brz8._.js:2431
[  881423ms] [LOG] [Fast Refresh] rebuilding @ http://localhost:3000/_next/static/chunks/node_modules_next_dist_115brz8._.js:2431
[  881480ms] [LOG] [Fast Refresh] done in 160ms @ http://localhost:3000/_next/static/chunks/node_modules_next_dist_115brz8._.js:2431
[  882484ms] [INFO] %cDownload the React DevTools for a better development experience: https://react.dev/link/react-devtools font-weight:bold @ http://localhost:3000/_next/static/chunks/node_modules_next_dist_115brz8._.js:2431
[  882661ms] [LOG] [HMR] connected @ http://localhost:3000/_next/static/chunks/node_modules_next_dist_115brz8._.js:2431
[  884631ms] [WARNING] Please ensure that the container has a non-static position, like 'relative', 'fixed', or 'absolute' to ensure scroll offset is calculated correctly. @ http://localhost:3000/_next/static/chunks/node_modules_next_dist_115brz8._.js:2431
[  885225ms] [LOG] [Fast Refresh] rebuilding @ http://localhost:3000/_next/static/chunks/node_modules_next_dist_115brz8._.js:2431
[  885521ms] [LOG] [Fast Refresh] done in 252ms @ http://localhost:3000/_next/static/chunks/node_modules_next_dist_115brz8._.js:2431
[  887984ms] [LOG] [Fast Refresh] rebuilding @ http://localhost:3000/_next/static/chunks/node_modules_next_dist_115brz8._.js:2431
[  888276ms] [LOG] [Fast Refresh] done in 223ms @ http://localhost:3000/_next/static/chunks/node_modules_next_dist_115brz8._.js:2431
[  890764ms] [LOG] [Fast Refresh] rebuilding @ http://localhost:3000/_next/static/chunks/node_modules_next_dist_115brz8._.js:2431
[  890829ms] [LOG] [Fast Refresh] done in 165ms @ http://localhost:3000/_next/static/chunks/node_modules_next_dist_115brz8._.js:2431
[  924238ms] [LOG] [Fast Refresh] rebuilding @ http://localhost:3000/_next/static/chunks/node_modules_next_dist_115brz8._.js:2431
[  924521ms] [LOG] [Fast Refresh] done in 258ms @ http://localhost:3000/_next/static/chunks/node_modules_next_dist_115brz8._.js:2431
[  931610ms] [LOG] [Fast Refresh] rebuilding @ http://localhost:3000/_next/static/chunks/node_modules_next_dist_115brz8._.js:2431
[  932201ms] [LOG] [Fast Refresh] done in 304ms @ http://localhost:3000/_next/static/chunks/node_modules_next_dist_115brz8._.js:2431
[  937740ms] [LOG] [Fast Refresh] rebuilding @ http://localhost:3000/_next/static/chunks/node_modules_next_dist_115brz8._.js:2431
[  938055ms] [LOG] [Fast Refresh] done in 230ms @ http://localhost:3000/_next/static/chunks/node_modules_next_dist_115brz8._.js:2431
[  969218ms] [LOG] [Fast Refresh] rebuilding @ http://localhost:3000/_next/static/chunks/node_modules_next_dist_115brz8._.js:2431
[  969936ms] [LOG] [Fast Refresh] done in 405ms @ http://localhost:3000/_next/static/chunks/node_modules_next_dist_115brz8._.js:2431
[  982408ms] [LOG] [Fast Refresh] rebuilding @ http://localhost:3000/_next/static/chunks/node_modules_next_dist_115brz8._.js:2431
[  982474ms] [LOG] [Fast Refresh] done in 166ms @ http://localhost:3000/_next/static/chunks/node_modules_next_dist_115brz8._.js:2431
[  999597ms] [LOG] [Fast Refresh] rebuilding @ http://localhost:3000/_next/static/chunks/node_modules_next_dist_115brz8._.js:2431
[  999691ms] [LOG] [Fast Refresh] done in 195ms @ http://localhost:3000/_next/static/chunks/node_modules_next_dist_115brz8._.js:2431
[ 1056228ms] [LOG] [Fast Refresh] rebuilding @ http://localhost:3000/_next/static/chunks/node_modules_next_dist_115brz8._.js:2431
[ 1056880ms] [LOG] [Fast Refresh] done in 752ms @ http://localhost:3000/_next/static/chunks/node_modules_next_dist_115brz8._.js:2431
