[     356ms] [INFO] %cDownload the React DevTools for a better development experience: https://react.dev/link/react-devtools font-weight:bold @ http://localhost:3000/_next/static/chunks/node_modules_next_dist_115brz8._.js:2431
[     383ms] [LOG] [HMR] connected @ http://localhost:3000/_next/static/chunks/node_modules_next_dist_115brz8._.js:2431
[     503ms] [LOG] [Fast Refresh] rebuilding @ http://localhost:3000/_next/static/chunks/node_modules_next_dist_115brz8._.js:2431
[     515ms] [LOG] [Fast Refresh] done in 127ms @ http://localhost:3000/_next/static/chunks/node_modules_next_dist_115brz8._.js:2431
[     632ms] [LOG] [Fast Refresh] rebuilding @ http://localhost:3000/_next/static/chunks/node_modules_next_dist_115brz8._.js:2431
[     636ms] [LOG] [Fast Refresh] done in 111ms @ http://localhost:3000/_next/static/chunks/node_modules_next_dist_115brz8._.js:2431
[  211758ms] [LOG] [Fast Refresh] rebuilding @ http://localhost:3000/_next/static/chunks/node_modules_next_dist_115brz8._.js:2431
[  211820ms] [LOG] [Fast Refresh] done in 162ms @ http://localhost:3000/_next/static/chunks/node_modules_next_dist_115brz8._.js:2431
[  211938ms] [LOG] [Fast Refresh] rebuilding @ http://localhost:3000/_next/static/chunks/node_modules_next_dist_115brz8._.js:2431
[  212887ms] [ERROR] WebSocket connection to 'ws://localhost:3000/_next/webpack-hmr?id=czjNzJIlPU9XQ5ksNcJfd' failed: Error in connection establishment: net::ERR_CONNECTION_REFUSED @ http://localhost:3000/_next/static/chunks/node_modules_next_dist_client_0fhqo1d._.js:13299
[  213470ms] [ERROR] WebSocket connection to 'ws://localhost:3000/_next/webpack-hmr?id=czjNzJIlPU9XQ5ksNcJfd' failed: Error in connection establishment: net::ERR_CONNECTION_REFUSED @ http://localhost:3000/_next/static/chunks/node_modules_next_dist_client_0fhqo1d._.js:13299
[  214473ms] [ERROR] WebSocket connection to 'ws://localhost:3000/_next/webpack-hmr?id=czjNzJIlPU9XQ5ksNcJfd' failed: Error in connection establishment: net::ERR_CONNECTION_REFUSED @ http://localhost:3000/_next/static/chunks/node_modules_next_dist_client_0fhqo1d._.js:13299
[  215475ms] [ERROR] WebSocket connection to 'ws://localhost:3000/_next/webpack-hmr?id=czjNzJIlPU9XQ5ksNcJfd' failed: Error in connection establishment: net::ERR_CONNECTION_REFUSED @ http://localhost:3000/_next/static/chunks/node_modules_next_dist_client_0fhqo1d._.js:13299
[  216478ms] [ERROR] WebSocket connection to 'ws://localhost:3000/_next/webpack-hmr?id=czjNzJIlPU9XQ5ksNcJfd' failed: Error in connection establishment: net::ERR_CONNECTION_REFUSED @ http://localhost:3000/_next/static/chunks/node_modules_next_dist_client_0fhqo1d._.js:13299
[  221487ms] [ERROR] WebSocket connection to 'ws://localhost:3000/_next/webpack-hmr?id=czjNzJIlPU9XQ5ksNcJfd' failed: Error in connection establishment: net::ERR_CONNECTION_REFUSED @ http://localhost:3000/_next/static/chunks/node_modules_next_dist_client_0fhqo1d._.js:13299
[  226491ms] [ERROR] WebSocket connection to 'ws://localhost:3000/_next/webpack-hmr?id=czjNzJIlPU9XQ5ksNcJfd' failed: Error in connection establishment: net::ERR_CONNECTION_REFUSED @ http://localhost:3000/_next/static/chunks/node_modules_next_dist_client_0fhqo1d._.js:13299
[  231495ms] [ERROR] WebSocket connection to 'ws://localhost:3000/_next/webpack-hmr?id=czjNzJIlPU9XQ5ksNcJfd' failed: Error in connection establishment: net::ERR_CONNECTION_REFUSED @ http://localhost:3000/_next/static/chunks/node_modules_next_dist_client_0fhqo1d._.js:13299
[  236500ms] [ERROR] WebSocket connection to 'ws://localhost:3000/_next/webpack-hmr?id=czjNzJIlPU9XQ5ksNcJfd' failed: Error in connection establishment: net::ERR_CONNECTION_REFUSED @ http://localhost:3000/_next/static/chunks/node_modules_next_dist_client_0fhqo1d._.js:13299
[  241505ms] [ERROR] WebSocket connection to 'ws://localhost:3000/_next/webpack-hmr?id=czjNzJIlPU9XQ5ksNcJfd' failed: Error in connection establishment: net::ERR_CONNECTION_REFUSED @ http://localhost:3000/_next/static/chunks/node_modules_next_dist_client_0fhqo1d._.js:13299
[  246514ms] [ERROR] WebSocket connection to 'ws://localhost:3000/_next/webpack-hmr?id=czjNzJIlPU9XQ5ksNcJfd' failed: Error in connection establishment: net::ERR_CONNECTION_REFUSED @ http://localhost:3000/_next/static/chunks/node_modules_next_dist_client_0fhqo1d._.js:13299
[  251516ms] [ERROR] WebSocket connection to 'ws://localhost:3000/_next/webpack-hmr?id=czjNzJIlPU9XQ5ksNcJfd' failed: Error in connection establishment: net::ERR_CONNECTION_REFUSED @ http://localhost:3000/_next/static/chunks/node_modules_next_dist_client_0fhqo1d._.js:13299
